
> kazh-group@0.1.0 build
> next build

node.exe : ΓÜá Warning: Next.js inferred your 
workspace root, but it may not be correct.
At line:1 char:1
+ & "C:\Program Files\nodejs/node.exe" "C:\Users\DELL 
7400\AppData\Roam ...
+ ~~~~~~~~~~~~~~~~~~~~~~~~~~~~~~~~~~~~~~~~~~~~~~~~~~~~
~~~~~~~~~~~~~~~~~
    + CategoryInfo          : NotSpecified: (ΓÜá Warn 
   ing: Ne...not be correct.:String) [], RemoteExcep  
  tion
    + FullyQualifiedErrorId : NativeCommandError
 
 We detected multiple lockfiles and selected the 
directory of 
D:\self-project\next_ts\package-lock.json as the root 
directory.
 To silence this warning, set `turbopack.root` in 
your Next.js config, or consider removing one of the 
lockfiles if it's not needed.
   See https://nextjs.org/docs/app/api-reference/confi
g/next-config-js/turbopack#root-directory for more 
information.
 Detected additional lockfiles: 
   * 
D:\self-project\next_ts\kazhGroup\package-lock.json

Γû▓ Next.js 16.1.6 (Turbopack)

ΓÜá The "middleware" file convention is deprecated. 
Please use "proxy" instead. Learn more: 
https://nextjs.org/docs/messages/middleware-to-proxy
  Creating an optimized production build ...
Γ£ô Compiled successfully in 7.5s
  Running TypeScript ...
Failed to compile.

./src/app/[locale]/projects/page.tsx:1:26
Type error: File 'D:/self-project/next_ts/kazhGroup/sr
c/components/ProjectsPage.tsx' is not a module.

[0m[31m[1m>[22m[39m[90m 1 |[39m 
[36mimport[39m [33mProjectsPage[39m 
[36mfrom[39m 
[32m"@/components/ProjectsPage"[39m[33m;[39m
 [90m   |[39m                          
[31m[1m^[22m[39m
 [90m 2 |[39m
 [90m 3 |[39m [36mexport[39m [36mdefault[39m 
[36mfunction[39m [33mProjects[39m() {
 [90m 4 |[39m     [36mreturn[39m 
[33m<[39m[33mProjectsPage[39m 
[33m/[39m[33m>[39m[33m;[39m[0m
Next.js build worker exited with code: 1 and signal: 
null
